[wordpress.com/index.html]
[backblue.gif]
[fade.gif]
[index.html]
[s1.wp.com/home.logged-out/images/wpcom-og-image.jpg]
[wordpress.com/el/index.html]
[wordpress.com/de/index.html]
[wordpress.com/ar/index.html]
[wordpress.com/es/index.html]
[wordpress.com/fr/index.html]
[wordpress.com/osd.xml]
[wordpress.com/he/index.html]
[wordpress.com/id/index.html]
[wordpress.com/it/index.html]
[s1.wp.com/i/webclip.png]
[wordpress.com/nl/index.html]
[wordpress.com/ko/index.html]
[wordpress.com/ja/index.html]
[wordpress.com/wp-content/themes/h4/tabs/images/wpcom-logo-144.png]
[wordpress.com/pt-br/index.html]
[wordpress.com/ro/index.html]
[wordpress.com/ru/index.html]
[wordpress.com/sv/index.html]
[wordpress.com/log-ina217.html]
[wordpress.com/tr/index.html]
[wordpress.com/zh-cn/index.html]
[wordpress.com/zh-tw/index.html]
[wordpress.com/blog/feed/index.html]
[wordpress.com/start/index1bad.html]
[i1.wp.com/s1.wp.com/wp-content/themes/h4/landing/marketing/pages/_common/components/testimonials/media/nappstar-success-storyeb45.jpg]
[wordpress.com/pricing/index.html]
[wordpress.com/create-blog/index.html]
[wordpress.com/domains/index.html]
[i1.wp.com/s1.wp.com/wp-content/themes/h4/landing/marketing/pages/_common/components/testimonials/media/alexis-kanda-olmsteadeb45.png]
[wordpress.com/com-vs-org/index.html]
[wordpress.com/ecommerce/index.html]
[i1.wp.com/s1.wp.com/wp-content/themes/h4/landing/marketing/pages/_common/components/testimonials/media/ann-morganeb45.png]
[wordpress.com/p2/index.html]
[wordpress.com/features/index.html]
[i1.wp.com/s1.wp.com/wp-content/themes/h4/landing/marketing/pages/_common/components/vip-pitch/media/vip-logoeb45.png]
[i1.wp.com/s1.wp.com/wp-content/themes/h4/landing/marketing/pages/_common/components/vip-pitch/media/vip-brandseb45.png]
[wordpress.com/google/index.html]
[wordpress.com/website-builder/index.html]
[wordpress.com/support/index.html]
[wordpress.com/go/index.html]
[wordpress.com/blog/index.html]
[wordpress.com/business-name-generator/index.html]
[wordpress.com/logo-maker/index.html]
[wordpress.com/webinars/index.html]
[wordpress.com/courses/index.html]
[wordpress.com/start/personal/index1bad.html]
[wordpress.com/start/free/index1bad.html]
[s1.wp.com/home.logged-out/page-jan-2019/js/bundleb1db.js]
[wordpress.com/start/business/index1bad.html]
[wordpress.com/start/premium/index1bad.html]
[wordpress.com/start/ecommerce/index1bad.html]
[s1.wp.com/wp-content/themes/h4/landing/marketing/js/affiliate-referralsec92.js]
[wordpress.com/forums/index.html]
[wordpress.com/about/index.html]
[wordpress.com/pricing/index1bad.html]
[wordpress.com/tos/index.html]
[wordpress.com/partners/index.html]
[wordpress.com/activity/index.html]
[pixel.wp.com/g31d0.gif]
[bat.bing.com/bat.js]
[wordpress.com/GET]
[wordpress.com/index.html]
[wordpress.com/advertising-program-optout/index.html]
[s1.wp.com/wp-content/themes/h4/landing/marketing/pages/_common/css/rtl/index.min-rtl37ab.css]
[s1.wp.com/wp-content/themes/h4/landing/marketing/pages/_common/components/header-nav/css/rtl/index.html.min-rtla48d.css]
[s1.wp.com/wp-content/themes/h4/landing/marketing/pages/_common/components/button/css/rtl/index.min-rtl37ab.css]
[s1.wp.com/wp-content/themes/h4/landing/marketing/pages/_common/components/typed-field/css/rtl/index.min-rtl1e73.css]
[s1.wp.com/wp-content/themes/h4/landing/marketing/pages/_common/components/toggle/css/rtl/index.min-rtl37ab.css]
[s1.wp.com/wp-content/themes/h4/landing/marketing/pages/_common/components/plan/themes/2023-pricing-grid/css/rtl/index.min-rtl39ef.css]
[s1.wp.com/wp-content/themes/h4/landing/marketing/pages/_common/components/plans/themes/2023-pricing-grid/css/rtl/index.min-rtlfe64.css]
[s1.wp.com/wp-content/themes/h4/landing/marketing/pages/_common/components/download-app/css/rtl/index-rtl2d87.css]
[s1.wp.com/wp-content/themes/h4/landing/marketing/pages/_common/components/footer-nav/css/rtl/index.html.min-rtlbeb6.css]
[s1.wp.com/wp-content/themes/h4/landing/marketing/pages/hp-2022-oct/css/rtl/index.min-rtle655.css]
[wordpress.com/log-in/ar.html]
[wordpress.com/start/ar1bad.html]
[wordpress.com/ar/pricing/index.html]
[wordpress.com/ar/hosting/index.html]
[wordpress.com/ar/website-builder/index.html]
[wordpress.com/ar/domains/index.html]
[wordpress.com/ar/themes.html]
[wordpress.com/ar/create-blog/index.html]
[wordpress.com/ar/newsletter/index.html]
[wordpress.com/ar/professional-email/index.html]
[wordpress.com/ar/website-design-service/index.html]
[wordpress.com/ar/plugins.html]
[wordpress.com/setup/blog/ar1bad.html]
[wordpress.com/ar/features/index.html]
[wordpress.com/ar/create-a-course/index.html]
[wordpress.com/ar/ecommerce/index.html]
[wordpress.com/setup/videopress/ar1bad.html]
[wordpress.com/ar/google/index.html]
[wordpress.com/ar/business-name-generator/index.html]
[wordpress.com/ar/support/index.html]
[wordpress.com/ar/logo-maker/index.html]
[wordpress.com/ar/webinars/index.html]
[wordpress.com/setup/ecommerce/ar494f.html]
[wordpress.com/ar/themes/index1bad.html]
[wordpress.com/ar/newsletter/index1bad.html]
[wordpress.com/setup/sensei/ar1bad.html]
[wordpress.com/setup/free/ar1bad.html]
[wordpress.com/start/personal/ar1bad.html]
[wordpress.com/ar/domains/index1bad.html]
[wordpress.com/ar/hosting/index1bad.html]
[wordpress.com/start/premium/ar1bad.html]
[wordpress.com/start/personal-monthly/ar1bad.html]
[wordpress.com/start/premium-monthly/ar1bad.html]
[wordpress.com/start/business/ar1bad.html]
[wordpress.com/start/business-monthly/ar1bad.html]
[wordpress.com/setup/ecommerce/ar1bad.html]
[wordpress.com/ar/support/index1bad.html]
[wordpress.com/ar/pricing/indexb14d.html]
[wordpress.com/ar/website-design-service/indexa6f4.html]
[wordpress.com/ar/p2/indexea19.html]
[pixel.wp.com/b0b80.gif]
[wordpress.com/ar/about/index.html]
[wordpress.com/ar/website-design-service/indexde46.html]
[wordpress.com/ar/forums/index.html]
[wordpress.com/ar/tos/index.html]
[wordpress.com/ar/partners/index.html]
[stats.wp.com/w03af.js]
[wordpress.com/wp-content/js/bilmur.min5fdd.js]
[s1.wp.com/home.logged-out/page-2022-oct/js/bundle6755.js]
[s1.wp.com/wp-content/js/def-queuedbcc.js]
[wordpress.com/ar/GET]
[wordpress.com/ar/index.html]
[wordpress.com/de/name=WordPress.com-Support;action-uri=https_/wordpress.com/de/support/;icon-uri=https_/s1.wp.com/i/favicon.ico]
[wordpress.com/de/name=WordPress.com-Foren;action-uri=https_/wordpress.com/de/forums/;icon-uri=https_/s1.wp.com/i/favicon.ico]
[wordpress.com/log-in/de.html]
[wordpress.com/de/pricing/index.html]
[wordpress.com/start/de1bad.html]
[wordpress.com/de/domains/index.html]
[wordpress.com/de/create-blog/index.html]
[wordpress.com/de/hosting/index.html]
[wordpress.com/de/newsletter/index.html]
[wordpress.com/de/professional-email/index.html]
[wordpress.com/de/website-design-service/index.html]
[wordpress.com/de/themes.html]
[wordpress.com/de/plugins.html]
[wordpress.com/de/ecommerce/index.html]
[wordpress.com/setup/blog/de1bad.html]
[wordpress.com/de/go/index.html]
[wordpress.com/setup/videopress/de1bad.html]
[wordpress.com/de/google/index.html]
[wordpress.com/de/support/index.html]
[wordpress.com/de/logo-maker/index.html]
[wordpress.com/setup/ecommerce/de494f.html]
[wordpress.com/de/business-name-generator/index.html]
[wordpress.com/setup/sensei/de1bad.html]
[wordpress.com/de/newsletter/index1bad.html]
[wordpress.com/setup/free/de1bad.html]
[wordpress.com/de/domains/index1bad.html]
[wordpress.com/de/hosting/index1bad.html]
[wordpress.com/de/themes/index1bad.html]
[wordpress.com/start/personal/de1bad.html]
[wordpress.com/start/personal-monthly/de1bad.html]
[wordpress.com/start/premium/de1bad.html]
[wordpress.com/start/premium-monthly/de1bad.html]
[wordpress.com/start/business/de1bad.html]
[wordpress.com/start/business-monthly/de1bad.html]
[wordpress.com/setup/ecommerce/de1bad.html]
[wordpress.com/de/GET]
[wordpress.com/de/p2/indexea19.html]
[wordpress.com/de/index.html]
[wordpress.com/de/website-design-service/indexa6f4.html]
[wordpress.com/de/support/index1bad.html]
[wordpress.com/de/pricing/indexb14d.html]
[s1.wp.com/i/noticons/noticons9fe5.css]
[wordpress.com/de/website-design-service/indexde46.html]
[s1.wp.com/home.logged-out/page-fallback/css/styles9d09.css]
[wordpress.com/de/about/index.html]
[wordpress.com/de/forums/index.html]
[wordpress.com/de/partners/index.html]
[wordpress.com/de/tos/index.html]
[wordpress.com/start/ela316.html]
[wordpress.com/el/create-blog/index.html]
[wordpress.com/el/features/index.html]
[s1.wp.com/home.logged-out/page-fallback/js/bundleb1db.js]
[wordpress.com/el/about/index.html]
[wordpress.com/el/index.html]
[wordpress.com/el/pricing/index.html]
[wordpress.com/el/forums/index.html]
[wordpress.com/es/blog/feed/index.html]
[wordpress.com/el/tos/index.html]
[wordpress.com/log-in/es.html]
[wordpress.com/es/pricing/index.html]
[wordpress.com/start/es1bad.html]
[wordpress.com/es/hosting/index.html]
[wordpress.com/es/themes.html]
[wordpress.com/es/create-blog/index.html]
[wordpress.com/es/website-design-service/index.html]
[wordpress.com/es/newsletter/index.html]
[wordpress.com/es/plugins.html]
[wordpress.com/setup/blog/es1bad.html]
[wordpress.com/es/ecommerce/index.html]
[wordpress.com/setup/videopress/es1bad.html]
[wordpress.com/setup/ecommerce/es494f.html]
[wordpress.com/es/google/index.html]
[wordpress.com/es/blog/index.html]
[wordpress.com/es/support/index.html]
[wordpress.com/setup/sensei/es1bad.html]
[wordpress.com/es/go/index.html]
[wordpress.com/es/business-name-generator/index.html]
[wordpress.com/es/webinars/index.html]
[wordpress.com/setup/free/es1bad.html]
[wordpress.com/start/personal/es1bad.html]
[wordpress.com/es/themes/index1bad.html]
[wordpress.com/es/newsletter/index1bad.html]
[wordpress.com/start/personal-monthly/es1bad.html]
[wordpress.com/start/premium/es1bad.html]
[wordpress.com/start/premium-monthly/es1bad.html]
[wordpress.com/es/hosting/index1bad.html]
[wordpress.com/start/business/es1bad.html]
[wordpress.com/start/business-monthly/es1bad.html]
[wordpress.com/setup/ecommerce/es1bad.html]
[wordpress.com/es/GET]
[wordpress.com/es/p2/indexea19.html]
[wordpress.com/es/index.html]
[wordpress.com/es/website-design-service/indexa6f4.html]
[wordpress.com/es/support/index1bad.html]
[wordpress.com/fr/index.html]
[wordpress.com/he/index.html]
[wordpress.com/es/pricing/indexb14d.html]
[wordpress.com/id/index.html]
[wordpress.com/it/index.html]
[wordpress.com/ja/index.html]
[wordpress.com/ko/index.html]
[wordpress.com/nl/index.html]
[wordpress.com/pt-br/index.html]
[wordpress.com/ro/index.html]
[wordpress.com/ru/index.html]
[wordpress.com/sv/index.html]
[wordpress.com/tr/index.html]
[wordpress.com/zh-cn/index.html]
[wordpress.com/zh-tw/index.html]
[wordpress.com/pricing/index.html]
[wordpress.com/log-ina217.html]
[wordpress.com/start/index1bad.html]
[wordpress.com/create-blog/index.html]
[wordpress.com/create-website/index.html]
[wordpress.com/domains/index.html]
[wordpress.com/ecommerce/index.html]
[wordpress.com/com-vs-org/index.html]
[wordpress.com/p2/index.html]
[wordpress.com/features/index.html]
[wordpress.com/themes/index.html]
[wordpress.com/install-plugins/index.html]
[wordpress.com/google/index.html]
[wordpress.com/website-builder/index.html]
[wordpress.com/support/index.html]
[wordpress.com/blog/index.html]
[wordpress.com/go/index.html]
[wordpress.com/business-name-generator/index.html]
[wordpress.com/logo-maker/index.html]
[wordpress.com/webinars/index.html]
[wordpress.com/courses/index.html]
[wordpress.com/start/free/index1bad.html]
[wordpress.com/start/personal/index1bad.html]
[wordpress.com/start/premium/index1bad.html]
[wordpress.com/start/business/index1bad.html]
[wordpress.com/start/ecommerce/index1bad.html]
[wordpress.com/pricing/index1bad.html]
[wordpress.com/es/website-design-service/indexde46.html]
[wordpress.com/forums/index.html]
[wordpress.com/about/index.html]
[wordpress.com/tos/index.html]
[wordpress.com/partners/index.html]
[wordpress.com/activity/index.html]
[wordpress.com/advertising-program-optout/index.html]
[wordpress.com/GET.html]
[s1.wp.com/wp-content/themes/h4/landing/marketing/pages/_common/css/rtl/index.min-rtl37ab.css]
[s1.wp.com/wp-content/themes/h4/landing/marketing/pages/_common/components/header-nav/css/rtl/index.html.min-rtla48d.css]
[s1.wp.com/wp-content/themes/h4/landing/marketing/pages/_common/components/titles/css/rtl/index.min-rtl37ab.css]
[s1.wp.com/wp-content/themes/h4/landing/marketing/pages/_common/components/paragraphs/css/rtl/index.min-rtl37ab.css]
[s1.wp.com/wp-content/themes/h4/landing/marketing/pages/_common/components/button/css/rtl/index.min-rtl37ab.css]
[s1.wp.com/wp-content/themes/h4/landing/marketing/pages/_common/components/image/css/rtl/index.min-rtl37ab.css]
[s1.wp.com/wp-content/themes/h4/landing/marketing/pages/_common/components/picture/css/rtl/index.min-rtl37ab.css]
[s1.wp.com/wp-content/themes/h4/landing/marketing/pages/_common/components/div-tree/css/rtl/index.min-rtl37ab.css]
[s1.wp.com/wp-content/themes/h4/landing/marketing/pages/_common/components/video/css/rtl/index.min-rtl37ab.css]
[s1.wp.com/wp-content/themes/h4/landing/marketing/pages/_common/components/typed-field/css/rtl/index.min-rtl1e73.css]
[s1.wp.com/wp-content/themes/h4/landing/marketing/pages/_common/components/item-list/css/rtl/index.min-rtl0b19.css]
[s1.wp.com/wp-content/themes/h4/landing/marketing/pages/_common/components/toggle/css/rtl/index.min-rtl37ab.css]
[s1.wp.com/wp-content/themes/h4/landing/marketing/pages/_common/components/shape/css/rtl/index.min-rtl37ab.css]
[s1.wp.com/wp-content/themes/h4/landing/marketing/pages/_common/components/plan/themes/2023-pricing-grid/css/rtl/index.min-rtl39ef.css]
[s1.wp.com/wp-content/themes/h4/landing/marketing/pages/_common/components/plans/themes/2023-pricing-grid/css/rtl/index.min-rtlfe64.css]
[s1.wp.com/wp-content/themes/h4/landing/marketing/pages/_common/components/download-app/css/rtl/index-rtl2d87.css]
[s1.wp.com/wp-content/themes/h4/landing/marketing/pages/_common/components/international-discounts-banner/css/rtl/index.min-rtl37ab.css]
[s1.wp.com/wp-content/themes/h4/landing/marketing/pages/_common/components/footer-nav/css/rtl/index.html.min-rtlbeb6.css]
[s1.wp.com/wp-content/themes/h4/landing/marketing/pages/_common/components/analytics/css/rtl/index.html.min-rtl37ab.css]
[s1.wp.com/i/fonts/recoleta/css/400.min5178.css]
[s1.wp.com/wp-content/themes/h4/landing/marketing/pages/hp-2022-oct/css/rtl/index.min-rtle655.css]
[wordpress.com/ar/pricing/index.html]
[wordpress.com/log-in/ar.html]
[wordpress.com/start/ar1bad.html]
[wordpress.com/ar/hosting/index.html]
[wordpress.com/ar/domains/index.html]
[wordpress.com/ar/website-builder/index.html]
[wordpress.com/ar/create-blog/index.html]
[wordpress.com/ar/newsletter/index.html]
[wordpress.com/ar/professional-email/index.html]
[wordpress.com/ar/website-design-service/index.html]
[wordpress.com/ar/ecommerce/index.html]
[wordpress.com/ar/create-a-course/index.html]
[wordpress.com/ar/features/index.html]
[wordpress.com/ar/themes.html]
[wordpress.com/ar/plugins.html]
[wordpress.com/ar/google/index.html]
[wordpress.com/ar/support/index.html]
[wordpress.com/ar/business-name-generator/index.html]
[wordpress.com/ar/logo-maker/index.html]
[wordpress.com/ar/webinars/index.html]
[wordpress.com/ar/themes/index1bad.html]
[wordpress.com/setup/blog/ar1bad.html]
[wordpress.com/ar/newsletter/index1bad.html]
[wordpress.com/setup/videopress/ar1bad.html]
[wordpress.com/setup/ecommerce/ar494f.html]
[wordpress.com/setup/sensei/ar1bad.html]
[wordpress.com/ar/domains/index1bad.html]
[wordpress.com/ar/hosting/index1bad.html]
[wordpress.com/setup/free/ar1bad.html]
[wordpress.com/start/personal/ar1bad.html]
[wordpress.com/start/personal-monthly/ar1bad.html]
[wordpress.com/start/premium/ar1bad.html]
[wordpress.com/start/premium-monthly/ar1bad.html]
[wordpress.com/start/business/ar1bad.html]
[wordpress.com/start/business-monthly/ar1bad.html]
[wordpress.com/setup/ecommerce/ar1bad.html]
[wordpress.com/es/forums/index.html]
[wordpress.com/ar/pricing/indexb14d.html]
[wordpress.com/ar/support/index1bad.html]
[wordpress.com/ar/website-design-service/indexa6f4.html]
[wordpress.com/ar/p2/indexea19.html]
[wordpress.com/ar/website-design-service/indexde46.html]
[wordpress.com/ar/forums/index.html]
[wordpress.com/ar/about/index.html]
[wordpress.com/ar/partners/index.html]
[wordpress.com/ar/tos/index.html]
[wordpress.com/ar/GET.html]
[wordpress.com/de/name=WordPress.com-Support;action-uri=https_/wordpress.com/de/support/;icon-uri=https_/s1.wp.com/i/favicon.html]
[wordpress.com/de/name=WordPress.com-Foren;action-uri=https_/wordpress.com/de/forums/;icon-uri=https_/s1.wp.com/i/favicon.html]
[wordpress.com/de/pricing/index.html]
[wordpress.com/log-in/de.html]
[wordpress.com/start/de1bad.html]
[wordpress.com/de/hosting/index.html]
[wordpress.com/de/domains/index.html]
[wordpress.com/de/website-builder/index.html]
[wordpress.com/de/create-blog/index.html]
[wordpress.com/de/newsletter/index.html]
[wordpress.com/de/professional-email/index.html]
[wordpress.com/de/website-design-service/index.html]
[wordpress.com/de/ecommerce/index.html]
[wordpress.com/de/create-a-course/index.html]
[wordpress.com/de/features/index.html]
[wordpress.com/de/themes.html]
[wordpress.com/de/plugins.html]
[wordpress.com/de/google/index.html]
[wordpress.com/de/support/index.html]
[wordpress.com/de/go/index.html]
[wordpress.com/de/business-name-generator/index.html]
[wordpress.com/de/logo-maker/index.html]
[wordpress.com/de/webinars/index.html]
[wordpress.com/de/themes/index1bad.html]
[wordpress.com/setup/blog/de1bad.html]
